analysis-report|Hotel|Analyze
scaffolding|Hotel|Lower
source-domain|Hotel|Lower
vm-analysis-report|Hotel|Emit
entity|Hotel/EventHold|Lower
source-entity|Hotel/EventHold|Lower
file|Hotel/EventHold.cs|Emit
entity|Hotel/Folio|Lower
source-entity|Hotel/Folio|Lower
file|Hotel/Folio.cs|Emit
entity|Hotel/Guest|Lower
source-entity|Hotel/Guest|Lower
file|Hotel/Guest.cs|Emit
entity|Hotel/Hall|Lower
source-entity|Hotel/Hall|Lower
file|Hotel/Hall.cs|Emit
file|Hotel/Poly.Types.cs|Emit
entity|Hotel/Property|Lower
source-entity|Hotel/Property|Lower
file|Hotel/Property.cs|Emit
entity|Hotel/Reservation|Lower
source-entity|Hotel/Reservation|Lower
file|Hotel/Reservation.cs|Emit
entity|Hotel/Room|Lower
source-entity|Hotel/Room|Lower
file|Hotel/Room.cs|Emit
entity|Hotel/RoomType|Lower
source-entity|Hotel/RoomType|Lower
file|Hotel/RoomType.cs|Emit
entity|Hotel/Section|Lower
source-entity|Hotel/Section|Lower
file|Hotel/Section.cs|Emit