#nullable enable
using System;
using System.Collections.Generic;

public class RoomType
{
    private RoomType()
    { }
    private RoomType(long maxOccupancy, string name, long nightlyRate)
    {
        this.MaxOccupancy = maxOccupancy;
        this.Name = name;
        this.NightlyRate = nightlyRate;
    }
    public long MaxOccupancy { get; private set; }
    public string Name { get; private set; } = default!;
    public long NightlyRate { get; private set; }
    public static DomainResult<RoomType> Create(long maxOccupancy, string name, long nightlyRate)
    {
        if (maxOccupancy < 1L)
        {
            return DomainResult<RoomType>.Failure("'MaxOccupancy' must be >= 1.");
        }
        if (maxOccupancy > 8L)
        {
            return DomainResult<RoomType>.Failure("'MaxOccupancy' must be <= 8.");
        }
        if (string.IsNullOrEmpty(name))
        {
            return DomainResult<RoomType>.Failure("'Name' is required.");
        }
        if (name.Length < 1L)
        {
            return DomainResult<RoomType>.Failure("'Name' must be at least 1 characters.");
        }
        if (name.Length > 40L)
        {
            return DomainResult<RoomType>.Failure("'Name' must be at most 40 characters.");
        }
        if (nightlyRate < 0L)
        {
            return DomainResult<RoomType>.Failure("'NightlyRate' must be >= 0.");
        }
        if (nightlyRate > 10000L)
        {
            return DomainResult<RoomType>.Failure("'NightlyRate' must be <= 10000.");
        }
        var created = new RoomType(maxOccupancy, name, nightlyRate);
        return DomainResult<RoomType>.Success(created);
    }
    public DomainResult EnsureUnique(string propertyName, object value) => DomainResult.Success();
    public DomainResult<object> Create(string name, object? __job = null)
    {
        var values = new Dictionary<string, object>();
        return this.BindCreate(name, values);
    }
    public DomainResult<object> Create(string name, string p0, object v0)
    {
        var values = new Dictionary<string, object>();
        values[p0] = v0;
        return this.BindCreate(name, values);
    }
    public DomainResult<object> Create(string name, string p0, object v0, string p1, object v1)
    {
        var values = new Dictionary<string, object>();
        values[p0] = v0;
        values[p1] = v1;
        return this.BindCreate(name, values);
    }
    public DomainResult<object> Create(string name, string p0, object v0, string p1, object v1, string p2, object v2)
    {
        var values = new Dictionary<string, object>();
        values[p0] = v0;
        values[p1] = v1;
        values[p2] = v2;
        return this.BindCreate(name, values);
    }
    public DomainResult<object> Create(string name, string p0, object v0, string p1, object v1, string p2, object v2, string p3, object v3)
    {
        var values = new Dictionary<string, object>();
        values[p0] = v0;
        values[p1] = v1;
        values[p2] = v2;
        values[p3] = v3;
        return this.BindCreate(name, values);
    }
    public DomainResult<object> Create(string name, string p0, object v0, string p1, object v1, string p2, object v2, string p3, object v3, string p4, object v4)
    {
        var values = new Dictionary<string, object>();
        values[p0] = v0;
        values[p1] = v1;
        values[p2] = v2;
        values[p3] = v3;
        values[p4] = v4;
        return this.BindCreate(name, values);
    }
    public DomainResult<object> Create(string name, string p0, object v0, string p1, object v1, string p2, object v2, string p3, object v3, string p4, object v4, string p5, object v5)
    {
        var values = new Dictionary<string, object>();
        values[p0] = v0;
        values[p1] = v1;
        values[p2] = v2;
        values[p3] = v3;
        values[p4] = v4;
        values[p5] = v5;
        return this.BindCreate(name, values);
    }
    public DomainResult<object> Create(string name, string p0, object v0, string p1, object v1, string p2, object v2, string p3, object v3, string p4, object v4, string p5, object v5, string p6, object v6)
    {
        var values = new Dictionary<string, object>();
        values[p0] = v0;
        values[p1] = v1;
        values[p2] = v2;
        values[p3] = v3;
        values[p4] = v4;
        values[p5] = v5;
        values[p6] = v6;
        return this.BindCreate(name, values);
    }
    public DomainResult<object> Create(string name, string p0, object v0, string p1, object v1, string p2, object v2, string p3, object v3, string p4, object v4, string p5, object v5, string p6, object v6, string p7, object v7)
    {
        var values = new Dictionary<string, object>();
        values[p0] = v0;
        values[p1] = v1;
        values[p2] = v2;
        values[p3] = v3;
        values[p4] = v4;
        values[p5] = v5;
        values[p6] = v6;
        values[p7] = v7;
        return this.BindCreate(name, values);
    }
    public DomainResult<object> CreateIn(string name, object? __job = null)
    {
        var values = new Dictionary<string, object>();
        return this.BindCreateIn(name, values);
    }
    public DomainResult<object> CreateIn(string name, string p0, object v0)
    {
        var values = new Dictionary<string, object>();
        values[p0] = v0;
        return this.BindCreateIn(name, values);
    }
    public DomainResult<object> CreateIn(string name, string p0, object v0, string p1, object v1)
    {
        var values = new Dictionary<string, object>();
        values[p0] = v0;
        values[p1] = v1;
        return this.BindCreateIn(name, values);
    }
    public DomainResult<object> CreateIn(string name, string p0, object v0, string p1, object v1, string p2, object v2)
    {
        var values = new Dictionary<string, object>();
        values[p0] = v0;
        values[p1] = v1;
        values[p2] = v2;
        return this.BindCreateIn(name, values);
    }
    public DomainResult<object> CreateIn(string name, string p0, object v0, string p1, object v1, string p2, object v2, string p3, object v3)
    {
        var values = new Dictionary<string, object>();
        values[p0] = v0;
        values[p1] = v1;
        values[p2] = v2;
        values[p3] = v3;
        return this.BindCreateIn(name, values);
    }
    public DomainResult<object> CreateIn(string name, string p0, object v0, string p1, object v1, string p2, object v2, string p3, object v3, string p4, object v4)
    {
        var values = new Dictionary<string, object>();
        values[p0] = v0;
        values[p1] = v1;
        values[p2] = v2;
        values[p3] = v3;
        values[p4] = v4;
        return this.BindCreateIn(name, values);
    }
    public DomainResult<object> CreateIn(string name, string p0, object v0, string p1, object v1, string p2, object v2, string p3, object v3, string p4, object v4, string p5, object v5)
    {
        var values = new Dictionary<string, object>();
        values[p0] = v0;
        values[p1] = v1;
        values[p2] = v2;
        values[p3] = v3;
        values[p4] = v4;
        values[p5] = v5;
        return this.BindCreateIn(name, values);
    }
    public DomainResult<object> CreateIn(string name, string p0, object v0, string p1, object v1, string p2, object v2, string p3, object v3, string p4, object v4, string p5, object v5, string p6, object v6)
    {
        var values = new Dictionary<string, object>();
        values[p0] = v0;
        values[p1] = v1;
        values[p2] = v2;
        values[p3] = v3;
        values[p4] = v4;
        values[p5] = v5;
        values[p6] = v6;
        return this.BindCreateIn(name, values);
    }
    public DomainResult<object> CreateIn(string name, string p0, object v0, string p1, object v1, string p2, object v2, string p3, object v3, string p4, object v4, string p5, object v5, string p6, object v6, string p7, object v7)
    {
        var values = new Dictionary<string, object>();
        values[p0] = v0;
        values[p1] = v1;
        values[p2] = v2;
        values[p3] = v3;
        values[p4] = v4;
        values[p5] = v5;
        values[p6] = v6;
        values[p7] = v7;
        return this.BindCreateIn(name, values);
    }
    public DomainResult ProbeCreate(string name, object? __job = null)
    {
        var values = new Dictionary<string, object>();
        return this.BindProbeCreate(name, values);
    }
    public DomainResult ProbeCreate(string name, string p0, object v0)
    {
        var values = new Dictionary<string, object>();
        values[p0] = v0;
        return this.BindProbeCreate(name, values);
    }
    public DomainResult ProbeCreate(string name, string p0, object v0, string p1, object v1)
    {
        var values = new Dictionary<string, object>();
        values[p0] = v0;
        values[p1] = v1;
        return this.BindProbeCreate(name, values);
    }
    public DomainResult ProbeCreate(string name, string p0, object v0, string p1, object v1, string p2, object v2)
    {
        var values = new Dictionary<string, object>();
        values[p0] = v0;
        values[p1] = v1;
        values[p2] = v2;
        return this.BindProbeCreate(name, values);
    }
    public DomainResult ProbeCreate(string name, string p0, object v0, string p1, object v1, string p2, object v2, string p3, object v3)
    {
        var values = new Dictionary<string, object>();
        values[p0] = v0;
        values[p1] = v1;
        values[p2] = v2;
        values[p3] = v3;
        return this.BindProbeCreate(name, values);
    }
    public DomainResult ProbeCreate(string name, string p0, object v0, string p1, object v1, string p2, object v2, string p3, object v3, string p4, object v4)
    {
        var values = new Dictionary<string, object>();
        values[p0] = v0;
        values[p1] = v1;
        values[p2] = v2;
        values[p3] = v3;
        values[p4] = v4;
        return this.BindProbeCreate(name, values);
    }
    public DomainResult ProbeCreate(string name, string p0, object v0, string p1, object v1, string p2, object v2, string p3, object v3, string p4, object v4, string p5, object v5)
    {
        var values = new Dictionary<string, object>();
        values[p0] = v0;
        values[p1] = v1;
        values[p2] = v2;
        values[p3] = v3;
        values[p4] = v4;
        values[p5] = v5;
        return this.BindProbeCreate(name, values);
    }
    public DomainResult ProbeCreate(string name, string p0, object v0, string p1, object v1, string p2, object v2, string p3, object v3, string p4, object v4, string p5, object v5, string p6, object v6)
    {
        var values = new Dictionary<string, object>();
        values[p0] = v0;
        values[p1] = v1;
        values[p2] = v2;
        values[p3] = v3;
        values[p4] = v4;
        values[p5] = v5;
        values[p6] = v6;
        return this.BindProbeCreate(name, values);
    }
    public DomainResult ProbeCreate(string name, string p0, object v0, string p1, object v1, string p2, object v2, string p3, object v3, string p4, object v4, string p5, object v5, string p6, object v6, string p7, object v7)
    {
        var values = new Dictionary<string, object>();
        values[p0] = v0;
        values[p1] = v1;
        values[p2] = v2;
        values[p3] = v3;
        values[p4] = v4;
        values[p5] = v5;
        values[p6] = v6;
        values[p7] = v7;
        return this.BindProbeCreate(name, values);
    }
    private DomainResult<object> BindCreate(string typeName, Dictionary<string, object> values)
    {
        if (typeName == "RoomType")
        {
            var typed = RoomType.Create((values.ContainsKey("MaxOccupancy") ? (long?)values["MaxOccupancy"] ?? 0L : 0L), (values.ContainsKey("Name") ? (string?)values["Name"] ?? "" : ""), (values.ContainsKey("NightlyRate") ? (long?)values["NightlyRate"] ?? 0L : 0L));
            if (!typed.IsSuccess)
            {
                return DomainResult<object>.Failure(typed.ErrorMessage ?? "");
            }
            else
            {
                return DomainResult<object>.Success(typed.Value);
            }
        }
        if (typeName == "Property")
        {
            var typed = Property.Create((values.ContainsKey("City") ? (string?)values["City"] ?? "" : ""), (values.ContainsKey("Name") ? (string?)values["Name"] ?? "" : ""), new List<Hall>(), new List<Room>());
            if (!typed.IsSuccess)
            {
                return DomainResult<object>.Failure(typed.ErrorMessage ?? "");
            }
            else
            {
                return DomainResult<object>.Success(typed.Value);
            }
        }
        if (typeName == "Room")
        {
            var typed = Room.Create((values.ContainsKey("Floor") ? (long?)values["Floor"] ?? 0L : 0L), (values.ContainsKey("MaxOccupancy") ? (long?)values["MaxOccupancy"] ?? 0L : 0L), (values.ContainsKey("NightlyRate") ? (long?)values["NightlyRate"] ?? 0L : 0L), (values.ContainsKey("Number") ? (string?)values["Number"] ?? "" : ""), (values.ContainsKey("property") ? (Property?)values["property"] ?? null : null), (values.ContainsKey("roomType") ? (RoomType?)values["roomType"] ?? null : null), new List<Reservation>(), (values.ContainsKey("Dirty") ? (bool?)values["Dirty"] ?? false : false), (values.ContainsKey("Occupied") ? (bool?)values["Occupied"] ?? false : false), (values.ContainsKey("Offline") ? (bool?)values["Offline"] ?? false : false));
            if (!typed.IsSuccess)
            {
                return DomainResult<object>.Failure(typed.ErrorMessage ?? "");
            }
            else
            {
                return DomainResult<object>.Success(typed.Value);
            }
        }
        if (typeName == "Hall")
        {
            var typed = Hall.Create((values.ContainsKey("Capacity") ? (long?)values["Capacity"] ?? 0L : 0L), (values.ContainsKey("DayRate") ? (long?)values["DayRate"] ?? 0L : 0L), (values.ContainsKey("Name") ? (string?)values["Name"] ?? "" : ""), (values.ContainsKey("property") ? (Property?)values["property"] ?? null : null), new List<Section>(), (values.ContainsKey("BusySections") ? (long?)values["BusySections"] ?? 0L : 0L), (values.ContainsKey("Occupied") ? (bool?)values["Occupied"] ?? false : false), (values.ContainsKey("Offline") ? (bool?)values["Offline"] ?? false : false));
            if (!typed.IsSuccess)
            {
                return DomainResult<object>.Failure(typed.ErrorMessage ?? "");
            }
            else
            {
                return DomainResult<object>.Success(typed.Value);
            }
        }
        if (typeName == "Section")
        {
            var typed = Section.Create((values.ContainsKey("Capacity") ? (long?)values["Capacity"] ?? 0L : 0L), (values.ContainsKey("DayRate") ? (long?)values["DayRate"] ?? 0L : 0L), (values.ContainsKey("Name") ? (string?)values["Name"] ?? "" : ""), (values.ContainsKey("hall") ? (Hall?)values["hall"] ?? null : null), (values.ContainsKey("Occupied") ? (bool?)values["Occupied"] ?? false : false));
            if (!typed.IsSuccess)
            {
                return DomainResult<object>.Failure(typed.ErrorMessage ?? "");
            }
            else
            {
                return DomainResult<object>.Success(typed.Value);
            }
        }
        if (typeName == "Guest")
        {
            var typed = Guest.Create((values.ContainsKey("Email") ? (string?)values["Email"] ?? "" : ""), (values.ContainsKey("Name") ? (string?)values["Name"] ?? "" : ""), (values.ContainsKey("Phone") ? (string?)values["Phone"] ?? "" : ""), new List<EventHold>(), new List<Reservation>(), (values.ContainsKey("EventCount") ? (long?)values["EventCount"] ?? 0L : 0L), (values.ContainsKey("NightCount") ? (long?)values["NightCount"] ?? 0L : 0L), (values.ContainsKey("StayCount") ? (long?)values["StayCount"] ?? 0L : 0L));
            if (!typed.IsSuccess)
            {
                return DomainResult<object>.Failure(typed.ErrorMessage ?? "");
            }
            else
            {
                return DomainResult<object>.Success(typed.Value);
            }
        }
        if (typeName == "Reservation")
        {
            var typed = Reservation.Create((values.ContainsKey("CheckInDate") ? (DateOnly?)values["CheckInDate"] ?? DateOnly.MinValue : DateOnly.MinValue), (values.ContainsKey("CheckOutDate") ? (DateOnly?)values["CheckOutDate"] ?? DateOnly.MinValue : DateOnly.MinValue), (values.ContainsKey("MaxOccupancy") ? (long?)values["MaxOccupancy"] ?? 0L : 0L), (values.ContainsKey("NightlyRate") ? (long?)values["NightlyRate"] ?? 0L : 0L), (values.ContainsKey("Nights") ? (long?)values["Nights"] ?? 0L : 0L), (values.ContainsKey("PartySize") ? (long?)values["PartySize"] ?? 0L : 0L), (values.ContainsKey("folio") ? (Folio?)values["folio"] ?? null : null), (values.ContainsKey("guest") ? (Guest?)values["guest"] ?? null : null), (values.ContainsKey("room") ? (Room?)values["room"] ?? null : null));
            if (!typed.IsSuccess)
            {
                return DomainResult<object>.Failure(typed.ErrorMessage ?? "");
            }
            else
            {
                return DomainResult<object>.Success(typed.Value);
            }
        }
        if (typeName == "Folio")
        {
            var typed = Folio.Create((values.ContainsKey("reservation") ? (Reservation?)values["reservation"] ?? null : null), (values.ContainsKey("Balance") ? (long?)values["Balance"] ?? 0L : 0L));
            if (!typed.IsSuccess)
            {
                return DomainResult<object>.Failure(typed.ErrorMessage ?? "");
            }
            else
            {
                return DomainResult<object>.Success(typed.Value);
            }
        }
        if (typeName == "EventHold")
        {
            var typed = EventHold.Create((values.ContainsKey("Capacity") ? (long?)values["Capacity"] ?? 0L : 0L), (values.ContainsKey("DayRate") ? (long?)values["DayRate"] ?? 0L : 0L), (values.ContainsKey("EndDate") ? (DateOnly?)values["EndDate"] ?? DateOnly.MinValue : DateOnly.MinValue), (values.ContainsKey("Headcount") ? (long?)values["Headcount"] ?? 0L : 0L), (values.ContainsKey("StartDate") ? (DateOnly?)values["StartDate"] ?? DateOnly.MinValue : DateOnly.MinValue), (values.ContainsKey("guest") ? (Guest?)values["guest"] ?? null : null), (values.ContainsKey("hall") ? (Hall?)values["hall"] ?? null : null), (values.ContainsKey("section") ? (Section?)values["section"] ?? null : null));
            if (!typed.IsSuccess)
            {
                return DomainResult<object>.Failure(typed.ErrorMessage ?? "");
            }
            else
            {
                return DomainResult<object>.Success(typed.Value);
            }
        }
        return DomainResult<object>.Failure("Unknown type '" + typeName + "'.");
    }
    private DomainResult<object> BindCreateIn(string relationshipName, Dictionary<string, object> values) => DomainResult<object>.Failure("Unknown relationship '" + relationshipName + "'.");
    private DomainResult BindProbeCreate(string typeName, Dictionary<string, object> values)
    {
        if (typeName == "RoomType")
        {
            var typed = RoomType.Create((values.ContainsKey("MaxOccupancy") ? (long?)values["MaxOccupancy"] ?? 0L : 0L), (values.ContainsKey("Name") ? (string?)values["Name"] ?? "" : ""), (values.ContainsKey("NightlyRate") ? (long?)values["NightlyRate"] ?? 0L : 0L));
            if (!typed.IsSuccess)
            {
                return DomainResult.Failure(typed.ErrorMessage ?? "");
            }
            return DomainResult.Success();
        }
        if (typeName == "Property")
        {
            var typed = Property.Create((values.ContainsKey("City") ? (string?)values["City"] ?? "" : ""), (values.ContainsKey("Name") ? (string?)values["Name"] ?? "" : ""), new List<Hall>(), new List<Room>());
            if (!typed.IsSuccess)
            {
                return DomainResult.Failure(typed.ErrorMessage ?? "");
            }
            return DomainResult.Success();
        }
        if (typeName == "Room")
        {
            var typed = Room.Create((values.ContainsKey("Floor") ? (long?)values["Floor"] ?? 0L : 0L), (values.ContainsKey("MaxOccupancy") ? (long?)values["MaxOccupancy"] ?? 0L : 0L), (values.ContainsKey("NightlyRate") ? (long?)values["NightlyRate"] ?? 0L : 0L), (values.ContainsKey("Number") ? (string?)values["Number"] ?? "" : ""), (values.ContainsKey("property") ? (Property?)values["property"] ?? null : null), (values.ContainsKey("roomType") ? (RoomType?)values["roomType"] ?? null : null), new List<Reservation>(), (values.ContainsKey("Dirty") ? (bool?)values["Dirty"] ?? false : false), (values.ContainsKey("Occupied") ? (bool?)values["Occupied"] ?? false : false), (values.ContainsKey("Offline") ? (bool?)values["Offline"] ?? false : false));
            if (!typed.IsSuccess)
            {
                return DomainResult.Failure(typed.ErrorMessage ?? "");
            }
            return DomainResult.Success();
        }
        if (typeName == "Hall")
        {
            var typed = Hall.Create((values.ContainsKey("Capacity") ? (long?)values["Capacity"] ?? 0L : 0L), (values.ContainsKey("DayRate") ? (long?)values["DayRate"] ?? 0L : 0L), (values.ContainsKey("Name") ? (string?)values["Name"] ?? "" : ""), (values.ContainsKey("property") ? (Property?)values["property"] ?? null : null), new List<Section>(), (values.ContainsKey("BusySections") ? (long?)values["BusySections"] ?? 0L : 0L), (values.ContainsKey("Occupied") ? (bool?)values["Occupied"] ?? false : false), (values.ContainsKey("Offline") ? (bool?)values["Offline"] ?? false : false));
            if (!typed.IsSuccess)
            {
                return DomainResult.Failure(typed.ErrorMessage ?? "");
            }
            return DomainResult.Success();
        }
        if (typeName == "Section")
        {
            var typed = Section.Create((values.ContainsKey("Capacity") ? (long?)values["Capacity"] ?? 0L : 0L), (values.ContainsKey("DayRate") ? (long?)values["DayRate"] ?? 0L : 0L), (values.ContainsKey("Name") ? (string?)values["Name"] ?? "" : ""), (values.ContainsKey("hall") ? (Hall?)values["hall"] ?? null : null), (values.ContainsKey("Occupied") ? (bool?)values["Occupied"] ?? false : false));
            if (!typed.IsSuccess)
            {
                return DomainResult.Failure(typed.ErrorMessage ?? "");
            }
            return DomainResult.Success();
        }
        if (typeName == "Guest")
        {
            var typed = Guest.Create((values.ContainsKey("Email") ? (string?)values["Email"] ?? "" : ""), (values.ContainsKey("Name") ? (string?)values["Name"] ?? "" : ""), (values.ContainsKey("Phone") ? (string?)values["Phone"] ?? "" : ""), new List<EventHold>(), new List<Reservation>(), (values.ContainsKey("EventCount") ? (long?)values["EventCount"] ?? 0L : 0L), (values.ContainsKey("NightCount") ? (long?)values["NightCount"] ?? 0L : 0L), (values.ContainsKey("StayCount") ? (long?)values["StayCount"] ?? 0L : 0L));
            if (!typed.IsSuccess)
            {
                return DomainResult.Failure(typed.ErrorMessage ?? "");
            }
            return DomainResult.Success();
        }
        if (typeName == "Reservation")
        {
            var typed = Reservation.Create((values.ContainsKey("CheckInDate") ? (DateOnly?)values["CheckInDate"] ?? DateOnly.MinValue : DateOnly.MinValue), (values.ContainsKey("CheckOutDate") ? (DateOnly?)values["CheckOutDate"] ?? DateOnly.MinValue : DateOnly.MinValue), (values.ContainsKey("MaxOccupancy") ? (long?)values["MaxOccupancy"] ?? 0L : 0L), (values.ContainsKey("NightlyRate") ? (long?)values["NightlyRate"] ?? 0L : 0L), (values.ContainsKey("Nights") ? (long?)values["Nights"] ?? 0L : 0L), (values.ContainsKey("PartySize") ? (long?)values["PartySize"] ?? 0L : 0L), (values.ContainsKey("folio") ? (Folio?)values["folio"] ?? null : null), (values.ContainsKey("guest") ? (Guest?)values["guest"] ?? null : null), (values.ContainsKey("room") ? (Room?)values["room"] ?? null : null));
            if (!typed.IsSuccess)
            {
                return DomainResult.Failure(typed.ErrorMessage ?? "");
            }
            return DomainResult.Success();
        }
        if (typeName == "Folio")
        {
            var typed = Folio.Create((values.ContainsKey("reservation") ? (Reservation?)values["reservation"] ?? null : null), (values.ContainsKey("Balance") ? (long?)values["Balance"] ?? 0L : 0L));
            if (!typed.IsSuccess)
            {
                return DomainResult.Failure(typed.ErrorMessage ?? "");
            }
            return DomainResult.Success();
        }
        if (typeName == "EventHold")
        {
            var typed = EventHold.Create((values.ContainsKey("Capacity") ? (long?)values["Capacity"] ?? 0L : 0L), (values.ContainsKey("DayRate") ? (long?)values["DayRate"] ?? 0L : 0L), (values.ContainsKey("EndDate") ? (DateOnly?)values["EndDate"] ?? DateOnly.MinValue : DateOnly.MinValue), (values.ContainsKey("Headcount") ? (long?)values["Headcount"] ?? 0L : 0L), (values.ContainsKey("StartDate") ? (DateOnly?)values["StartDate"] ?? DateOnly.MinValue : DateOnly.MinValue), (values.ContainsKey("guest") ? (Guest?)values["guest"] ?? null : null), (values.ContainsKey("hall") ? (Hall?)values["hall"] ?? null : null), (values.ContainsKey("section") ? (Section?)values["section"] ?? null : null));
            if (!typed.IsSuccess)
            {
                return DomainResult.Failure(typed.ErrorMessage ?? "");
            }
            return DomainResult.Success();
        }
        return DomainResult.Failure("Unknown type '" + typeName + "'.");
    }
}