#nullable enable
using System;
using System.Collections.Generic;

public enum VisitStage
{
    Scheduled = 0,
    CheckedIn = 1,
    InTreatment = 2,
    Completed = 3,
    NoShow = 4
}

public class Visit
{
    private Visit()
    { }
    private Visit(string reason, Patient? patient = null, Doctor? primaryDoctor = null, VisitState state = VisitState.Scheduled)
    {
        this.Reason = reason;
        this.State = state;
        this.Patient = patient;
        this.PrimaryDoctor = primaryDoctor;
        this.CurrentStage = VisitStage.Scheduled;
    }
    public string Reason { get; private set; } = default!;
    public VisitState State { get; private set; }
    public Patient? Patient { get; private set; }
    public Doctor? PrimaryDoctor { get; private set; }
    public VisitStage CurrentStage { get; private set; }
    private DomainResult<Patient> CreatePatient(string name)
    {
        var patientResult = Patient.Create(name, new List<Visit>());
        if (!patientResult.IsSuccess)
        {
            return DomainResult<Patient>.Failure(patientResult.ErrorMessage ?? "");
        }
        var patient = patientResult.Value;
        this.Patient = patient;
        return DomainResult<Patient>.Success(patient);
    }
    private DomainResult<Doctor> CreatePrimaryDoctor(string licenseNo, string name, Schedule? schedule)
    {
        var doctorResult = Doctor.Create(licenseNo, name, schedule);
        if (!doctorResult.IsSuccess)
        {
            return DomainResult<Doctor>.Failure(doctorResult.ErrorMessage ?? "");
        }
        var doctor = doctorResult.Value;
        this.PrimaryDoctor = doctor;
        return DomainResult<Doctor>.Success(doctor);
    }
    public DomainResult CheckIn()
    {
        this.CurrentStage = VisitStage.CheckedIn;
        {
            var assignValue0 = VisitState.CheckedIn;
            if (assignValue0 != VisitState.Scheduled && assignValue0 != VisitState.CheckedIn && assignValue0 != VisitState.InTreatment && assignValue0 != VisitState.Completed && assignValue0 != VisitState.NoShow)
            {
                return DomainResult.Failure("'State' is not a valid member of VisitState.");
            }
            this.State = assignValue0;
        }
        return DomainResult.Success();
    }
    public DomainResult AssignDoctor(Doctor doctor)
    {
        var assignValue0 = "assigned";
        if (!System.String.IsNullOrEmpty(assignValue0))
        {
            if (assignValue0.Length < 2L)
            {
                return DomainResult.Failure("'Reason' must be at least 2 characters.");
            }
            if (assignValue0.Length > 200L)
            {
                return DomainResult.Failure("'Reason' must be at most 200 characters.");
            }
        }
        this.Reason = assignValue0;
        return DomainResult.Success();
    }
    public static DomainResult<Visit> Create(string reason, Patient? patient = null, Doctor? primaryDoctor = null, VisitState state = VisitState.Scheduled)
    {
        if (reason.Length < 2L)
        {
            return DomainResult<Visit>.Failure("'Reason' must be at least 2 characters.");
        }
        if (reason.Length > 200L)
        {
            return DomainResult<Visit>.Failure("'Reason' must be at most 200 characters.");
        }
        if (state != VisitState.Scheduled && state != VisitState.CheckedIn && state != VisitState.InTreatment && state != VisitState.Completed && state != VisitState.NoShow)
        {
            return DomainResult<Visit>.Failure("'State' is not a valid member of VisitState.");
        }
        var created = new Visit(reason, patient, primaryDoctor, state);
        if (patient != null)
        {
            patient.AttachVisits(created);
        }
        return DomainResult<Visit>.Success(created);
    }
    public DomainResult EnsureUnique(string propertyName, object value) => DomainResult.Success();
    public DomainResult<object> Create(string name, object? __job = null)
    {
        var values = new Dictionary<string, object>();
        return this.BindCreate(name, values);
    }
    public DomainResult<object> Create(string name, string p0, object v0)
    {
        var values = new Dictionary<string, object>();
        values[p0] = v0;
        return this.BindCreate(name, values);
    }
    public DomainResult<object> Create(string name, string p0, object v0, string p1, object v1)
    {
        var values = new Dictionary<string, object>();
        values[p0] = v0;
        values[p1] = v1;
        return this.BindCreate(name, values);
    }
    public DomainResult<object> Create(string name, string p0, object v0, string p1, object v1, string p2, object v2)
    {
        var values = new Dictionary<string, object>();
        values[p0] = v0;
        values[p1] = v1;
        values[p2] = v2;
        return this.BindCreate(name, values);
    }
    public DomainResult<object> Create(string name, string p0, object v0, string p1, object v1, string p2, object v2, string p3, object v3)
    {
        var values = new Dictionary<string, object>();
        values[p0] = v0;
        values[p1] = v1;
        values[p2] = v2;
        values[p3] = v3;
        return this.BindCreate(name, values);
    }
    public DomainResult<object> Create(string name, string p0, object v0, string p1, object v1, string p2, object v2, string p3, object v3, string p4, object v4)
    {
        var values = new Dictionary<string, object>();
        values[p0] = v0;
        values[p1] = v1;
        values[p2] = v2;
        values[p3] = v3;
        values[p4] = v4;
        return this.BindCreate(name, values);
    }
    public DomainResult<object> Create(string name, string p0, object v0, string p1, object v1, string p2, object v2, string p3, object v3, string p4, object v4, string p5, object v5)
    {
        var values = new Dictionary<string, object>();
        values[p0] = v0;
        values[p1] = v1;
        values[p2] = v2;
        values[p3] = v3;
        values[p4] = v4;
        values[p5] = v5;
        return this.BindCreate(name, values);
    }
    public DomainResult<object> Create(string name, string p0, object v0, string p1, object v1, string p2, object v2, string p3, object v3, string p4, object v4, string p5, object v5, string p6, object v6)
    {
        var values = new Dictionary<string, object>();
        values[p0] = v0;
        values[p1] = v1;
        values[p2] = v2;
        values[p3] = v3;
        values[p4] = v4;
        values[p5] = v5;
        values[p6] = v6;
        return this.BindCreate(name, values);
    }
    public DomainResult<object> Create(string name, string p0, object v0, string p1, object v1, string p2, object v2, string p3, object v3, string p4, object v4, string p5, object v5, string p6, object v6, string p7, object v7)
    {
        var values = new Dictionary<string, object>();
        values[p0] = v0;
        values[p1] = v1;
        values[p2] = v2;
        values[p3] = v3;
        values[p4] = v4;
        values[p5] = v5;
        values[p6] = v6;
        values[p7] = v7;
        return this.BindCreate(name, values);
    }
    public DomainResult<object> CreateIn(string name, object? __job = null)
    {
        var values = new Dictionary<string, object>();
        return this.BindCreateIn(name, values);
    }
    public DomainResult<object> CreateIn(string name, string p0, object v0)
    {
        var values = new Dictionary<string, object>();
        values[p0] = v0;
        return this.BindCreateIn(name, values);
    }
    public DomainResult<object> CreateIn(string name, string p0, object v0, string p1, object v1)
    {
        var values = new Dictionary<string, object>();
        values[p0] = v0;
        values[p1] = v1;
        return this.BindCreateIn(name, values);
    }
    public DomainResult<object> CreateIn(string name, string p0, object v0, string p1, object v1, string p2, object v2)
    {
        var values = new Dictionary<string, object>();
        values[p0] = v0;
        values[p1] = v1;
        values[p2] = v2;
        return this.BindCreateIn(name, values);
    }
    public DomainResult<object> CreateIn(string name, string p0, object v0, string p1, object v1, string p2, object v2, string p3, object v3)
    {
        var values = new Dictionary<string, object>();
        values[p0] = v0;
        values[p1] = v1;
        values[p2] = v2;
        values[p3] = v3;
        return this.BindCreateIn(name, values);
    }
    public DomainResult<object> CreateIn(string name, string p0, object v0, string p1, object v1, string p2, object v2, string p3, object v3, string p4, object v4)
    {
        var values = new Dictionary<string, object>();
        values[p0] = v0;
        values[p1] = v1;
        values[p2] = v2;
        values[p3] = v3;
        values[p4] = v4;
        return this.BindCreateIn(name, values);
    }
    public DomainResult<object> CreateIn(string name, string p0, object v0, string p1, object v1, string p2, object v2, string p3, object v3, string p4, object v4, string p5, object v5)
    {
        var values = new Dictionary<string, object>();
        values[p0] = v0;
        values[p1] = v1;
        values[p2] = v2;
        values[p3] = v3;
        values[p4] = v4;
        values[p5] = v5;
        return this.BindCreateIn(name, values);
    }
    public DomainResult<object> CreateIn(string name, string p0, object v0, string p1, object v1, string p2, object v2, string p3, object v3, string p4, object v4, string p5, object v5, string p6, object v6)
    {
        var values = new Dictionary<string, object>();
        values[p0] = v0;
        values[p1] = v1;
        values[p2] = v2;
        values[p3] = v3;
        values[p4] = v4;
        values[p5] = v5;
        values[p6] = v6;
        return this.BindCreateIn(name, values);
    }
    public DomainResult<object> CreateIn(string name, string p0, object v0, string p1, object v1, string p2, object v2, string p3, object v3, string p4, object v4, string p5, object v5, string p6, object v6, string p7, object v7)
    {
        var values = new Dictionary<string, object>();
        values[p0] = v0;
        values[p1] = v1;
        values[p2] = v2;
        values[p3] = v3;
        values[p4] = v4;
        values[p5] = v5;
        values[p6] = v6;
        values[p7] = v7;
        return this.BindCreateIn(name, values);
    }
    public DomainResult ProbeCreate(string name, object? __job = null)
    {
        var values = new Dictionary<string, object>();
        return this.BindProbeCreate(name, values);
    }
    public DomainResult ProbeCreate(string name, string p0, object v0)
    {
        var values = new Dictionary<string, object>();
        values[p0] = v0;
        return this.BindProbeCreate(name, values);
    }
    public DomainResult ProbeCreate(string name, string p0, object v0, string p1, object v1)
    {
        var values = new Dictionary<string, object>();
        values[p0] = v0;
        values[p1] = v1;
        return this.BindProbeCreate(name, values);
    }
    public DomainResult ProbeCreate(string name, string p0, object v0, string p1, object v1, string p2, object v2)
    {
        var values = new Dictionary<string, object>();
        values[p0] = v0;
        values[p1] = v1;
        values[p2] = v2;
        return this.BindProbeCreate(name, values);
    }
    public DomainResult ProbeCreate(string name, string p0, object v0, string p1, object v1, string p2, object v2, string p3, object v3)
    {
        var values = new Dictionary<string, object>();
        values[p0] = v0;
        values[p1] = v1;
        values[p2] = v2;
        values[p3] = v3;
        return this.BindProbeCreate(name, values);
    }
    public DomainResult ProbeCreate(string name, string p0, object v0, string p1, object v1, string p2, object v2, string p3, object v3, string p4, object v4)
    {
        var values = new Dictionary<string, object>();
        values[p0] = v0;
        values[p1] = v1;
        values[p2] = v2;
        values[p3] = v3;
        values[p4] = v4;
        return this.BindProbeCreate(name, values);
    }
    public DomainResult ProbeCreate(string name, string p0, object v0, string p1, object v1, string p2, object v2, string p3, object v3, string p4, object v4, string p5, object v5)
    {
        var values = new Dictionary<string, object>();
        values[p0] = v0;
        values[p1] = v1;
        values[p2] = v2;
        values[p3] = v3;
        values[p4] = v4;
        values[p5] = v5;
        return this.BindProbeCreate(name, values);
    }
    public DomainResult ProbeCreate(string name, string p0, object v0, string p1, object v1, string p2, object v2, string p3, object v3, string p4, object v4, string p5, object v5, string p6, object v6)
    {
        var values = new Dictionary<string, object>();
        values[p0] = v0;
        values[p1] = v1;
        values[p2] = v2;
        values[p3] = v3;
        values[p4] = v4;
        values[p5] = v5;
        values[p6] = v6;
        return this.BindProbeCreate(name, values);
    }
    public DomainResult ProbeCreate(string name, string p0, object v0, string p1, object v1, string p2, object v2, string p3, object v3, string p4, object v4, string p5, object v5, string p6, object v6, string p7, object v7)
    {
        var values = new Dictionary<string, object>();
        values[p0] = v0;
        values[p1] = v1;
        values[p2] = v2;
        values[p3] = v3;
        values[p4] = v4;
        values[p5] = v5;
        values[p6] = v6;
        values[p7] = v7;
        return this.BindProbeCreate(name, values);
    }
    private DomainResult<object> BindCreate(string typeName, Dictionary<string, object> values)
    {
        if (typeName == "Doctor")
        {
            var typed = Doctor.Create((values.ContainsKey("LicenseNo") ? (string?)values["LicenseNo"] ?? "" : ""), (values.ContainsKey("Name") ? (string?)values["Name"] ?? "" : ""), (values.ContainsKey("schedule") ? (Schedule?)values["schedule"] ?? null : null));
            if (!typed.IsSuccess)
            {
                return DomainResult<object>.Failure(typed.ErrorMessage ?? "");
            }
            else
            {
                return DomainResult<object>.Success(typed.Value);
            }
        }
        if (typeName == "Schedule")
        {
            var typed = Schedule.Create((values.ContainsKey("Day") ? (string?)values["Day"] ?? "" : ""), (values.ContainsKey("State") ? (string?)values["State"] ?? "" : ""));
            if (!typed.IsSuccess)
            {
                return DomainResult<object>.Failure(typed.ErrorMessage ?? "");
            }
            else
            {
                return DomainResult<object>.Success(typed.Value);
            }
        }
        if (typeName == "Patient")
        {
            var typed = Patient.Create((values.ContainsKey("Name") ? (string?)values["Name"] ?? "" : ""), new List<Visit>());
            if (!typed.IsSuccess)
            {
                return DomainResult<object>.Failure(typed.ErrorMessage ?? "");
            }
            else
            {
                return DomainResult<object>.Success(typed.Value);
            }
        }
        if (typeName == "Visit")
        {
            var typed = Visit.Create((values.ContainsKey("Reason") ? (string?)values["Reason"] ?? "" : ""), (values.ContainsKey("patient") ? (Patient?)values["patient"] ?? null : null), (values.ContainsKey("primaryDoctor") ? (Doctor?)values["primaryDoctor"] ?? null : null), (values.ContainsKey("State") ? (VisitState?)values["State"] ?? VisitState.Scheduled : VisitState.Scheduled));
            if (!typed.IsSuccess)
            {
                return DomainResult<object>.Failure(typed.ErrorMessage ?? "");
            }
            else
            {
                return DomainResult<object>.Success(typed.Value);
            }
        }
        return DomainResult<object>.Failure("Unknown type '" + typeName + "'.");
    }
    private DomainResult<object> BindCreateIn(string relationshipName, Dictionary<string, object> values)
    {
        if (relationshipName == "patient")
        {
            var typed = this.CreatePatient((values.ContainsKey("Name") ? (string?)values["Name"] ?? "" : ""));
            if (!typed.IsSuccess)
            {
                return DomainResult<object>.Failure(typed.ErrorMessage ?? "");
            }
            else
            {
                return DomainResult<object>.Success(typed.Value);
            }
        }
        if (relationshipName == "primaryDoctor")
        {
            var typed = this.CreatePrimaryDoctor((values.ContainsKey("LicenseNo") ? (string?)values["LicenseNo"] ?? "" : ""), (values.ContainsKey("Name") ? (string?)values["Name"] ?? "" : ""), (values.ContainsKey("schedule") ? (Schedule?)values["schedule"] ?? null : null));
            if (!typed.IsSuccess)
            {
                return DomainResult<object>.Failure(typed.ErrorMessage ?? "");
            }
            else
            {
                return DomainResult<object>.Success(typed.Value);
            }
        }
        return DomainResult<object>.Failure("Unknown relationship '" + relationshipName + "'.");
    }
    private DomainResult BindProbeCreate(string typeName, Dictionary<string, object> values)
    {
        if (typeName == "Doctor")
        {
            var typed = Doctor.Create((values.ContainsKey("LicenseNo") ? (string?)values["LicenseNo"] ?? "" : ""), (values.ContainsKey("Name") ? (string?)values["Name"] ?? "" : ""), (values.ContainsKey("schedule") ? (Schedule?)values["schedule"] ?? null : null));
            if (!typed.IsSuccess)
            {
                return DomainResult.Failure(typed.ErrorMessage ?? "");
            }
            return DomainResult.Success();
        }
        if (typeName == "Schedule")
        {
            var typed = Schedule.Create((values.ContainsKey("Day") ? (string?)values["Day"] ?? "" : ""), (values.ContainsKey("State") ? (string?)values["State"] ?? "" : ""));
            if (!typed.IsSuccess)
            {
                return DomainResult.Failure(typed.ErrorMessage ?? "");
            }
            return DomainResult.Success();
        }
        if (typeName == "Patient")
        {
            var typed = Patient.Create((values.ContainsKey("Name") ? (string?)values["Name"] ?? "" : ""), new List<Visit>());
            if (!typed.IsSuccess)
            {
                return DomainResult.Failure(typed.ErrorMessage ?? "");
            }
            return DomainResult.Success();
        }
        if (typeName == "Visit")
        {
            var typed = Visit.Create((values.ContainsKey("Reason") ? (string?)values["Reason"] ?? "" : ""), (values.ContainsKey("patient") ? (Patient?)values["patient"] ?? null : null), (values.ContainsKey("primaryDoctor") ? (Doctor?)values["primaryDoctor"] ?? null : null), (values.ContainsKey("State") ? (VisitState?)values["State"] ?? VisitState.Scheduled : VisitState.Scheduled));
            if (!typed.IsSuccess)
            {
                return DomainResult.Failure(typed.ErrorMessage ?? "");
            }
            return DomainResult.Success();
        }
        return DomainResult.Failure("Unknown type '" + typeName + "'.");
    }
    private void OnEntryCheckedIn()
    {
        var assignValue0 = VisitState.CheckedIn;
        if (assignValue0 != VisitState.Scheduled && assignValue0 != VisitState.CheckedIn && assignValue0 != VisitState.InTreatment && assignValue0 != VisitState.Completed && assignValue0 != VisitState.NoShow)
        {
            throw new ConstraintFailureException("'State' is not a valid member of VisitState.");
        }
        this.State = assignValue0;
    }
}