#nullable enable
using System;
using System.Collections.Generic;

public enum InstructorStage
{
    Ready = 0,
    Leave = 1
}

public class Instructor
{
    private Instructor()
    { }
    private Instructor(string email, string name)
    {
        this.Email = email;
        this.Name = name;
        this.CurrentStage = InstructorStage.Ready;
    }
    public string Email { get; private set; } = default!;
    public string Name { get; private set; } = default!;
    public InstructorStage CurrentStage { get; private set; }
    public DomainResult GoOnLeave()
    {
        if (this.CurrentStage != InstructorStage.Ready)
        {
            return DomainResult.Failure("'GoOnLeave' requires stage 'Ready' on entity 'Instructor'.");
        }
        this.CurrentStage = InstructorStage.Leave;
        return DomainResult.Success();
    }
    public DomainResult Return()
    {
        if (this.CurrentStage != InstructorStage.Leave)
        {
            return DomainResult.Failure("'Return' requires stage 'Leave' on entity 'Instructor'.");
        }
        this.CurrentStage = InstructorStage.Ready;
        return DomainResult.Success();
    }
    public static DomainResult<Instructor> Create(string email, string name)
    {
        if (string.IsNullOrEmpty(email))
        {
            return DomainResult<Instructor>.Failure("'Email' is required.");
        }
        if (!System.Text.RegularExpressions.Regex.IsMatch(email, "^[^@]+@[^@]+$"))
        {
            return DomainResult<Instructor>.Failure("'Email' does not match the required pattern.");
        }
        if (string.IsNullOrEmpty(name))
        {
            return DomainResult<Instructor>.Failure("'Name' is required.");
        }
        var created = new Instructor(email, name);
        return DomainResult<Instructor>.Success(created);
    }
    public DomainResult EnsureUnique(string propertyName, object value) => DomainResult.Success();
    public DomainResult<object> Create(string name, object? __job = null)
    {
        var values = new Dictionary<string, object>();
        return this.BindCreate(name, values);
    }
    public DomainResult<object> Create(string name, string p0, object v0)
    {
        var values = new Dictionary<string, object>();
        values[p0] = v0;
        return this.BindCreate(name, values);
    }
    public DomainResult<object> Create(string name, string p0, object v0, string p1, object v1)
    {
        var values = new Dictionary<string, object>();
        values[p0] = v0;
        values[p1] = v1;
        return this.BindCreate(name, values);
    }
    public DomainResult<object> Create(string name, string p0, object v0, string p1, object v1, string p2, object v2)
    {
        var values = new Dictionary<string, object>();
        values[p0] = v0;
        values[p1] = v1;
        values[p2] = v2;
        return this.BindCreate(name, values);
    }
    public DomainResult<object> Create(string name, string p0, object v0, string p1, object v1, string p2, object v2, string p3, object v3)
    {
        var values = new Dictionary<string, object>();
        values[p0] = v0;
        values[p1] = v1;
        values[p2] = v2;
        values[p3] = v3;
        return this.BindCreate(name, values);
    }
    public DomainResult<object> Create(string name, string p0, object v0, string p1, object v1, string p2, object v2, string p3, object v3, string p4, object v4)
    {
        var values = new Dictionary<string, object>();
        values[p0] = v0;
        values[p1] = v1;
        values[p2] = v2;
        values[p3] = v3;
        values[p4] = v4;
        return this.BindCreate(name, values);
    }
    public DomainResult<object> Create(string name, string p0, object v0, string p1, object v1, string p2, object v2, string p3, object v3, string p4, object v4, string p5, object v5)
    {
        var values = new Dictionary<string, object>();
        values[p0] = v0;
        values[p1] = v1;
        values[p2] = v2;
        values[p3] = v3;
        values[p4] = v4;
        values[p5] = v5;
        return this.BindCreate(name, values);
    }
    public DomainResult<object> Create(string name, string p0, object v0, string p1, object v1, string p2, object v2, string p3, object v3, string p4, object v4, string p5, object v5, string p6, object v6)
    {
        var values = new Dictionary<string, object>();
        values[p0] = v0;
        values[p1] = v1;
        values[p2] = v2;
        values[p3] = v3;
        values[p4] = v4;
        values[p5] = v5;
        values[p6] = v6;
        return this.BindCreate(name, values);
    }
    public DomainResult<object> Create(string name, string p0, object v0, string p1, object v1, string p2, object v2, string p3, object v3, string p4, object v4, string p5, object v5, string p6, object v6, string p7, object v7)
    {
        var values = new Dictionary<string, object>();
        values[p0] = v0;
        values[p1] = v1;
        values[p2] = v2;
        values[p3] = v3;
        values[p4] = v4;
        values[p5] = v5;
        values[p6] = v6;
        values[p7] = v7;
        return this.BindCreate(name, values);
    }
    public DomainResult<object> CreateIn(string name, object? __job = null)
    {
        var values = new Dictionary<string, object>();
        return this.BindCreateIn(name, values);
    }
    public DomainResult<object> CreateIn(string name, string p0, object v0)
    {
        var values = new Dictionary<string, object>();
        values[p0] = v0;
        return this.BindCreateIn(name, values);
    }
    public DomainResult<object> CreateIn(string name, string p0, object v0, string p1, object v1)
    {
        var values = new Dictionary<string, object>();
        values[p0] = v0;
        values[p1] = v1;
        return this.BindCreateIn(name, values);
    }
    public DomainResult<object> CreateIn(string name, string p0, object v0, string p1, object v1, string p2, object v2)
    {
        var values = new Dictionary<string, object>();
        values[p0] = v0;
        values[p1] = v1;
        values[p2] = v2;
        return this.BindCreateIn(name, values);
    }
    public DomainResult<object> CreateIn(string name, string p0, object v0, string p1, object v1, string p2, object v2, string p3, object v3)
    {
        var values = new Dictionary<string, object>();
        values[p0] = v0;
        values[p1] = v1;
        values[p2] = v2;
        values[p3] = v3;
        return this.BindCreateIn(name, values);
    }
    public DomainResult<object> CreateIn(string name, string p0, object v0, string p1, object v1, string p2, object v2, string p3, object v3, string p4, object v4)
    {
        var values = new Dictionary<string, object>();
        values[p0] = v0;
        values[p1] = v1;
        values[p2] = v2;
        values[p3] = v3;
        values[p4] = v4;
        return this.BindCreateIn(name, values);
    }
    public DomainResult<object> CreateIn(string name, string p0, object v0, string p1, object v1, string p2, object v2, string p3, object v3, string p4, object v4, string p5, object v5)
    {
        var values = new Dictionary<string, object>();
        values[p0] = v0;
        values[p1] = v1;
        values[p2] = v2;
        values[p3] = v3;
        values[p4] = v4;
        values[p5] = v5;
        return this.BindCreateIn(name, values);
    }
    public DomainResult<object> CreateIn(string name, string p0, object v0, string p1, object v1, string p2, object v2, string p3, object v3, string p4, object v4, string p5, object v5, string p6, object v6)
    {
        var values = new Dictionary<string, object>();
        values[p0] = v0;
        values[p1] = v1;
        values[p2] = v2;
        values[p3] = v3;
        values[p4] = v4;
        values[p5] = v5;
        values[p6] = v6;
        return this.BindCreateIn(name, values);
    }
    public DomainResult<object> CreateIn(string name, string p0, object v0, string p1, object v1, string p2, object v2, string p3, object v3, string p4, object v4, string p5, object v5, string p6, object v6, string p7, object v7)
    {
        var values = new Dictionary<string, object>();
        values[p0] = v0;
        values[p1] = v1;
        values[p2] = v2;
        values[p3] = v3;
        values[p4] = v4;
        values[p5] = v5;
        values[p6] = v6;
        values[p7] = v7;
        return this.BindCreateIn(name, values);
    }
    public DomainResult ProbeCreate(string name, object? __job = null)
    {
        var values = new Dictionary<string, object>();
        return this.BindProbeCreate(name, values);
    }
    public DomainResult ProbeCreate(string name, string p0, object v0)
    {
        var values = new Dictionary<string, object>();
        values[p0] = v0;
        return this.BindProbeCreate(name, values);
    }
    public DomainResult ProbeCreate(string name, string p0, object v0, string p1, object v1)
    {
        var values = new Dictionary<string, object>();
        values[p0] = v0;
        values[p1] = v1;
        return this.BindProbeCreate(name, values);
    }
    public DomainResult ProbeCreate(string name, string p0, object v0, string p1, object v1, string p2, object v2)
    {
        var values = new Dictionary<string, object>();
        values[p0] = v0;
        values[p1] = v1;
        values[p2] = v2;
        return this.BindProbeCreate(name, values);
    }
    public DomainResult ProbeCreate(string name, string p0, object v0, string p1, object v1, string p2, object v2, string p3, object v3)
    {
        var values = new Dictionary<string, object>();
        values[p0] = v0;
        values[p1] = v1;
        values[p2] = v2;
        values[p3] = v3;
        return this.BindProbeCreate(name, values);
    }
    public DomainResult ProbeCreate(string name, string p0, object v0, string p1, object v1, string p2, object v2, string p3, object v3, string p4, object v4)
    {
        var values = new Dictionary<string, object>();
        values[p0] = v0;
        values[p1] = v1;
        values[p2] = v2;
        values[p3] = v3;
        values[p4] = v4;
        return this.BindProbeCreate(name, values);
    }
    public DomainResult ProbeCreate(string name, string p0, object v0, string p1, object v1, string p2, object v2, string p3, object v3, string p4, object v4, string p5, object v5)
    {
        var values = new Dictionary<string, object>();
        values[p0] = v0;
        values[p1] = v1;
        values[p2] = v2;
        values[p3] = v3;
        values[p4] = v4;
        values[p5] = v5;
        return this.BindProbeCreate(name, values);
    }
    public DomainResult ProbeCreate(string name, string p0, object v0, string p1, object v1, string p2, object v2, string p3, object v3, string p4, object v4, string p5, object v5, string p6, object v6)
    {
        var values = new Dictionary<string, object>();
        values[p0] = v0;
        values[p1] = v1;
        values[p2] = v2;
        values[p3] = v3;
        values[p4] = v4;
        values[p5] = v5;
        values[p6] = v6;
        return this.BindProbeCreate(name, values);
    }
    public DomainResult ProbeCreate(string name, string p0, object v0, string p1, object v1, string p2, object v2, string p3, object v3, string p4, object v4, string p5, object v5, string p6, object v6, string p7, object v7)
    {
        var values = new Dictionary<string, object>();
        values[p0] = v0;
        values[p1] = v1;
        values[p2] = v2;
        values[p3] = v3;
        values[p4] = v4;
        values[p5] = v5;
        values[p6] = v6;
        values[p7] = v7;
        return this.BindProbeCreate(name, values);
    }
    private DomainResult<object> BindCreate(string typeName, Dictionary<string, object> values)
    {
        if (typeName == "Instructor")
        {
            var typed = Instructor.Create((values.ContainsKey("Email") ? (string?)values["Email"] ?? "" : ""), (values.ContainsKey("Name") ? (string?)values["Name"] ?? "" : ""));
            if (!typed.IsSuccess)
            {
                return DomainResult<object>.Failure(typed.ErrorMessage ?? "");
            }
            else
            {
                return DomainResult<object>.Success(typed.Value);
            }
        }
        if (typeName == "Course")
        {
            var typed = Course.Create((values.ContainsKey("Code") ? (string?)values["Code"] ?? "" : ""), (values.ContainsKey("Title") ? (string?)values["Title"] ?? "" : ""));
            if (!typed.IsSuccess)
            {
                return DomainResult<object>.Failure(typed.ErrorMessage ?? "");
            }
            else
            {
                return DomainResult<object>.Success(typed.Value);
            }
        }
        if (typeName == "Student")
        {
            var typed = Student.Create((values.ContainsKey("Email") ? (string?)values["Email"] ?? "" : ""), (values.ContainsKey("Name") ? (string?)values["Name"] ?? "" : ""), new List<Enrollment>(), (values.ContainsKey("Completions") ? (long?)values["Completions"] ?? 0L : 0L), (values.ContainsKey("Holds") ? (long?)values["Holds"] ?? 0L : 0L), (values.ContainsKey("LastGrade") ? (long?)values["LastGrade"] ?? 0L : 0L), (values.ContainsKey("MaxCredits") ? (long?)values["MaxCredits"] ?? 0L : 0L), (values.ContainsKey("OpenCredits") ? (long?)values["OpenCredits"] ?? 0L : 0L));
            if (!typed.IsSuccess)
            {
                return DomainResult<object>.Failure(typed.ErrorMessage ?? "");
            }
            else
            {
                return DomainResult<object>.Success(typed.Value);
            }
        }
        if (typeName == "Section")
        {
            var typed = Section.Create((values.ContainsKey("Cap") ? (long?)values["Cap"] ?? 0L : 0L), (values.ContainsKey("OfferingTerm") ? (Term?)values["OfferingTerm"] ?? Term.Fall : Term.Fall), (values.ContainsKey("course") ? (Course?)values["course"] ?? null : null), (values.ContainsKey("instructor") ? (Instructor?)values["instructor"] ?? null : null), new List<Enrollment>(), new List<WaitOffer>(), (values.ContainsKey("OfferedSeats") ? (long?)values["OfferedSeats"] ?? 0L : 0L), (values.ContainsKey("SeatsTaken") ? (long?)values["SeatsTaken"] ?? 0L : 0L), (values.ContainsKey("WaitCleared") ? (long?)values["WaitCleared"] ?? 0L : 0L));
            if (!typed.IsSuccess)
            {
                return DomainResult<object>.Failure(typed.ErrorMessage ?? "");
            }
            else
            {
                return DomainResult<object>.Success(typed.Value);
            }
        }
        if (typeName == "WaitOffer")
        {
            var typed = WaitOffer.Create((values.ContainsKey("student") ? (Student?)values["student"] ?? null : null), (values.ContainsKey("section") ? (Section?)values["section"] ?? null : null));
            if (!typed.IsSuccess)
            {
                return DomainResult<object>.Failure(typed.ErrorMessage ?? "");
            }
            else
            {
                return DomainResult<object>.Success(typed.Value);
            }
        }
        if (typeName == "Enrollment")
        {
            var typed = Enrollment.Create((values.ContainsKey("section") ? (Section?)values["section"] ?? null : null), (values.ContainsKey("student") ? (Student?)values["student"] ?? null : null), (values.ContainsKey("DueDate") ? (DateOnly?)values["DueDate"] ?? DateOnly.MinValue : DateOnly.MinValue), (values.ContainsKey("EnrolledOn") ? (DateOnly?)values["EnrolledOn"] ?? DateOnly.MinValue : DateOnly.MinValue), (values.ContainsKey("Grade") ? (long?)values["Grade"] ?? 0L : 0L));
            if (!typed.IsSuccess)
            {
                return DomainResult<object>.Failure(typed.ErrorMessage ?? "");
            }
            else
            {
                return DomainResult<object>.Success(typed.Value);
            }
        }
        return DomainResult<object>.Failure("Unknown type '" + typeName + "'.");
    }
    private DomainResult<object> BindCreateIn(string relationshipName, Dictionary<string, object> values) => DomainResult<object>.Failure("Unknown relationship '" + relationshipName + "'.");
    private DomainResult BindProbeCreate(string typeName, Dictionary<string, object> values)
    {
        if (typeName == "Instructor")
        {
            var typed = Instructor.Create((values.ContainsKey("Email") ? (string?)values["Email"] ?? "" : ""), (values.ContainsKey("Name") ? (string?)values["Name"] ?? "" : ""));
            if (!typed.IsSuccess)
            {
                return DomainResult.Failure(typed.ErrorMessage ?? "");
            }
            return DomainResult.Success();
        }
        if (typeName == "Course")
        {
            var typed = Course.Create((values.ContainsKey("Code") ? (string?)values["Code"] ?? "" : ""), (values.ContainsKey("Title") ? (string?)values["Title"] ?? "" : ""));
            if (!typed.IsSuccess)
            {
                return DomainResult.Failure(typed.ErrorMessage ?? "");
            }
            return DomainResult.Success();
        }
        if (typeName == "Student")
        {
            var typed = Student.Create((values.ContainsKey("Email") ? (string?)values["Email"] ?? "" : ""), (values.ContainsKey("Name") ? (string?)values["Name"] ?? "" : ""), new List<Enrollment>(), (values.ContainsKey("Completions") ? (long?)values["Completions"] ?? 0L : 0L), (values.ContainsKey("Holds") ? (long?)values["Holds"] ?? 0L : 0L), (values.ContainsKey("LastGrade") ? (long?)values["LastGrade"] ?? 0L : 0L), (values.ContainsKey("MaxCredits") ? (long?)values["MaxCredits"] ?? 0L : 0L), (values.ContainsKey("OpenCredits") ? (long?)values["OpenCredits"] ?? 0L : 0L));
            if (!typed.IsSuccess)
            {
                return DomainResult.Failure(typed.ErrorMessage ?? "");
            }
            return DomainResult.Success();
        }
        if (typeName == "Section")
        {
            var typed = Section.Create((values.ContainsKey("Cap") ? (long?)values["Cap"] ?? 0L : 0L), (values.ContainsKey("OfferingTerm") ? (Term?)values["OfferingTerm"] ?? Term.Fall : Term.Fall), (values.ContainsKey("course") ? (Course?)values["course"] ?? null : null), (values.ContainsKey("instructor") ? (Instructor?)values["instructor"] ?? null : null), new List<Enrollment>(), new List<WaitOffer>(), (values.ContainsKey("OfferedSeats") ? (long?)values["OfferedSeats"] ?? 0L : 0L), (values.ContainsKey("SeatsTaken") ? (long?)values["SeatsTaken"] ?? 0L : 0L), (values.ContainsKey("WaitCleared") ? (long?)values["WaitCleared"] ?? 0L : 0L));
            if (!typed.IsSuccess)
            {
                return DomainResult.Failure(typed.ErrorMessage ?? "");
            }
            return DomainResult.Success();
        }
        if (typeName == "WaitOffer")
        {
            var typed = WaitOffer.Create((values.ContainsKey("student") ? (Student?)values["student"] ?? null : null), (values.ContainsKey("section") ? (Section?)values["section"] ?? null : null));
            if (!typed.IsSuccess)
            {
                return DomainResult.Failure(typed.ErrorMessage ?? "");
            }
            return DomainResult.Success();
        }
        if (typeName == "Enrollment")
        {
            var typed = Enrollment.Create((values.ContainsKey("section") ? (Section?)values["section"] ?? null : null), (values.ContainsKey("student") ? (Student?)values["student"] ?? null : null), (values.ContainsKey("DueDate") ? (DateOnly?)values["DueDate"] ?? DateOnly.MinValue : DateOnly.MinValue), (values.ContainsKey("EnrolledOn") ? (DateOnly?)values["EnrolledOn"] ?? DateOnly.MinValue : DateOnly.MinValue), (values.ContainsKey("Grade") ? (long?)values["Grade"] ?? 0L : 0L));
            if (!typed.IsSuccess)
            {
                return DomainResult.Failure(typed.ErrorMessage ?? "");
            }
            return DomainResult.Success();
        }
        return DomainResult.Failure("Unknown type '" + typeName + "'.");
    }
}